Archive member included because of file (symbol)

/home/hmallen/.pebble-sdk/SDKs/current/sdk-core/pebble/aplite/lib/libpebble.a(tmp7jpKUopebble.o)
                              src/c/sheikah_slate.c.25.o (app_event_loop)
/mnt/d/!Documents/pebble/dev_folder/pebble-dev/pebble-sdk-4.5-linux64/arm-cs-tools/bin/../lib/gcc/arm-none-eabi/4.7.2/thumb2/libgcc.a(_arm_addsubdf3.o)
                              src/c/sheikah_slate.c.25.o (__aeabi_dsub)
/mnt/d/!Documents/pebble/dev_folder/pebble-dev/pebble-sdk-4.5-linux64/arm-cs-tools/bin/../lib/gcc/arm-none-eabi/4.7.2/thumb2/libgcc.a(_arm_muldivdf3.o)
                              src/c/sheikah_slate.c.25.o (__aeabi_dmul)
/mnt/d/!Documents/pebble/dev_folder/pebble-dev/pebble-sdk-4.5-linux64/arm-cs-tools/bin/../lib/gcc/arm-none-eabi/4.7.2/thumb2/libgcc.a(_arm_fixdfsi.o)
                              src/c/sheikah_slate.c.25.o (__aeabi_d2iz)
/mnt/d/!Documents/pebble/dev_folder/pebble-dev/pebble-sdk-4.5-linux64/arm-cs-tools/bin/../lib/gcc/arm-none-eabi/4.7.2/thumb2/libgcc.a(_arm_addsubsf3.o)
                              src/c/sheikah_slate.c.25.o (__aeabi_i2f)
/mnt/d/!Documents/pebble/dev_folder/pebble-dev/pebble-sdk-4.5-linux64/arm-cs-tools/bin/../lib/gcc/arm-none-eabi/4.7.2/thumb2/libgcc.a(_arm_muldivsf3.o)
                              src/c/sheikah_slate.c.25.o (__aeabi_fmul)

Discarded input sections

 .text          0x0000000000000000        0x0 /mnt/d/!Documents/pebble/dev_folder/pebble-dev/pebble-sdk-4.5-linux64/arm-cs-tools/bin/../lib/gcc/arm-none-eabi/4.7.2/thumb2/crti.o
 .bss           0x0000000000000000        0x0 /mnt/d/!Documents/pebble/dev_folder/pebble-dev/pebble-sdk-4.5-linux64/arm-cs-tools/bin/../lib/gcc/arm-none-eabi/4.7.2/thumb2/crti.o
 .init          0x0000000000000000        0x4 /mnt/d/!Documents/pebble/dev_folder/pebble-dev/pebble-sdk-4.5-linux64/arm-cs-tools/bin/../lib/gcc/arm-none-eabi/4.7.2/thumb2/crti.o
 .fini          0x0000000000000000        0x4 /mnt/d/!Documents/pebble/dev_folder/pebble-dev/pebble-sdk-4.5-linux64/arm-cs-tools/bin/../lib/gcc/arm-none-eabi/4.7.2/thumb2/crti.o
 .text          0x0000000000000000       0xc8 /mnt/d/!Documents/pebble/dev_folder/pebble-dev/pebble-sdk-4.5-linux64/arm-cs-tools/bin/../lib/gcc/arm-none-eabi/4.7.2/thumb2/crtbegin.o
 .bss           0x0000000000000000       0x1c /mnt/d/!Documents/pebble/dev_folder/pebble-dev/pebble-sdk-4.5-linux64/arm-cs-tools/bin/../lib/gcc/arm-none-eabi/4.7.2/thumb2/crtbegin.o
 .init_array    0x0000000000000000        0x4 /mnt/d/!Documents/pebble/dev_folder/pebble-dev/pebble-sdk-4.5-linux64/arm-cs-tools/bin/../lib/gcc/arm-none-eabi/4.7.2/thumb2/crtbegin.o
 .fini_array    0x0000000000000000        0x4 /mnt/d/!Documents/pebble/dev_folder/pebble-dev/pebble-sdk-4.5-linux64/arm-cs-tools/bin/../lib/gcc/arm-none-eabi/4.7.2/thumb2/crtbegin.o
 .eh_frame      0x0000000000000000        0x0 /mnt/d/!Documents/pebble/dev_folder/pebble-dev/pebble-sdk-4.5-linux64/arm-cs-tools/bin/../lib/gcc/arm-none-eabi/4.7.2/thumb2/crtbegin.o
 .jcr           0x0000000000000000        0x0 /mnt/d/!Documents/pebble/dev_folder/pebble-dev/pebble-sdk-4.5-linux64/arm-cs-tools/bin/../lib/gcc/arm-none-eabi/4.7.2/thumb2/crtbegin.o
 .tm_clone_table
                0x0000000000000000        0x0 /mnt/d/!Documents/pebble/dev_folder/pebble-dev/pebble-sdk-4.5-linux64/arm-cs-tools/bin/../lib/gcc/arm-none-eabi/4.7.2/thumb2/crtbegin.o
 .text          0x0000000000000000        0x0 src/c/sheikah_slate.c.25.o
 .bss           0x0000000000000000        0x0 src/c/sheikah_slate.c.25.o
 .text          0x0000000000000000        0x0 aplite/appinfo.auto.c.25.o
 .bss           0x0000000000000000        0x0 aplite/appinfo.auto.c.25.o
 .text          0x0000000000000000        0x0 aplite/src/resource_ids.auto.c.25.o
 .bss           0x0000000000000000        0x0 aplite/src/resource_ids.auto.c.25.o
 .data.RESOURCE_ID_IMAGE_WEATHER_STORMY
                0x0000000000000000        0x4 aplite/src/resource_ids.auto.c.25.o
 .data.RESOURCE_ID_IMAGE_SPLASH_RIGHT
                0x0000000000000000        0x4 aplite/src/resource_ids.auto.c.25.o
 .data.RESOURCE_ID_IMAGE_WEATHER_PARTLYCLOUDY
                0x0000000000000000        0x4 aplite/src/resource_ids.auto.c.25.o
 .data.RESOURCE_ID_IMAGE_SPLASH_EYE_RIGHT
                0x0000000000000000        0x4 aplite/src/resource_ids.auto.c.25.o
 .data.RESOURCE_ID_IMAGE_RUNE_CRYONIS
                0x0000000000000000        0x4 aplite/src/resource_ids.auto.c.25.o
 .data.RESOURCE_ID_IMAGE_RUNE_MAGNESIS
                0x0000000000000000        0x4 aplite/src/resource_ids.auto.c.25.o
 .data.RESOURCE_ID_IMAGE_WEATHER_SNOWY
                0x0000000000000000        0x4 aplite/src/resource_ids.auto.c.25.o
 .data.RESOURCE_ID_IMAGE_WEATHER_CLOUDY
                0x0000000000000000        0x4 aplite/src/resource_ids.auto.c.25.o
 .data.RESOURCE_ID_FONT_BOTW_22
                0x0000000000000000        0x4 aplite/src/resource_ids.auto.c.25.o
 .data.RESOURCE_ID_IMAGE_RUNE_CYCLE
[...]
Memory Configuration

Name             Origin             Length             Attributes
APP              0x0000000000000000 0x0000000000006000 xrw
*default*        0x0000000000000000 0xffffffffffffffff

Linker script and memory map

LOAD /mnt/d/!Documents/pebble/dev_folder/pebble-dev/pebble-sdk-4.5-linux64/arm-cs-tools/bin/../lib/gcc/arm-none-eabi/4.7.2/thumb2/crti.o
LOAD /mnt/d/!Documents/pebble/dev_folder/pebble-dev/pebble-sdk-4.5-linux64/arm-cs-tools/bin/../lib/gcc/arm-none-eabi/4.7.2/thumb2/crtbegin.o
LOAD src/c/sheikah_slate.c.25.o
LOAD aplite/appinfo.auto.c.25.o
LOAD aplite/src/resource_ids.auto.c.25.o
LOAD src/message_keys.auto.c.25.o
LOAD /home/hmallen/.pebble-sdk/SDKs/current/sdk-core/pebble/aplite/lib/libpebble.a
LOAD /mnt/d/Pebble/dev_folder/sheikah_slate/node_modules/pebble-clay/dist/binaries/aplite/libpebble-clay.a
START GROUP
LOAD /mnt/d/!Documents/pebble/dev_folder/pebble-dev/pebble-sdk-4.5-linux64/arm-cs-tools/bin/../lib/gcc/arm-none-eabi/4.7.2/thumb2/libgcc.a
LOAD /mnt/d/!Documents/pebble/dev_folder/pebble-dev/pebble-sdk-4.5-linux64/arm-cs-tools/bin/../lib/gcc/arm-none-eabi/4.7.2/../../../../arm-none-eabi/lib/thumb2/libc.a
END GROUP
LOAD /mnt/d/!Documents/pebble/dev_folder/pebble-dev/pebble-sdk-4.5-linux64/arm-cs-tools/bin/../lib/gcc/arm-none-eabi/4.7.2/thumb2/crtend.o
LOAD /mnt/d/!Documents/pebble/dev_folder/pebble-dev/pebble-sdk-4.5-linux64/arm-cs-tools/bin/../lib/gcc/arm-none-eabi/4.7.2/thumb2/crtn.o

.header         0x0000000000000000       0x82
 *(.pbl_header)
 .pbl_header    0x0000000000000000       0x82 aplite/appinfo.auto.c.25.o
                0x0000000000000000                __pbl_app_info

.note.gnu.build-id
                0x0000000000000082       0x26
                0x0000000000000082                PROVIDE (BUILD_ID, .)
 *(.note.gnu.build-id)
 *fill*         0x0000000000000082        0x2 
 .note.gnu.build-id
                0x0000000000000084       0x24 linker stubs

.text           0x00000000000000a8     0x2bfc
 *(.text)
 .text          0x00000000000000a8       0x14 /home/hmallen/.pebble-sdk/SDKs/current/sdk-core/pebble/aplite/lib/libpebble.a(tmp7jpKUopebble.o)
 .text          0x00000000000000bc      0x370 /mnt/d/!Documents/pebble/dev_folder/pebble-dev/pebble-sdk-4.5-linux64/arm-cs-tools/bin/../lib/gcc/arm-none-eabi/4.7.2/thumb2/libgcc.a(_arm_addsubdf3.o)
                0x00000000000000bc                __aeabi_drsub
                0x00000000000000c4                __aeabi_dsub
                0x00000000000000c4                __subdf3
                0x00000000000000c8                __adddf3
                0x00000000000000c8                __aeabi_dadd
                0x0000000000000340                __aeabi_ui2d
                0x0000000000000340                __floatunsidf
                0x0000000000000360                __floatsidf
                0x0000000000000360                __aeabi_i2d
                0x0000000000000384                __extendsfdf2
                0x0000000000000384                __aeabi_f2d
                0x00000000000003c0                __aeabi_ul2d
                0x00000000000003c0                __floatundidf
                0x00000000000003d0                __floatdidf
                0x00000000000003d0                __aeabi_l2d
 .text          0x000000000000042c      0x424 /mnt/d/!Documents/pebble/dev_folder/pebble-dev/pebble-sdk-4.5-linux64/arm-cs-tools/bin/../lib/gcc/arm-none-eabi/4.7.2/thumb2/libgcc.a(_arm_muldivdf3.o)
                0x000000000000042c                __aeabi_dmul
                0x000000000000042c                __muldf3
                0x0000000000000680                __aeabi_ddiv
                0x0000000000000680                __divdf3
 .text          0x0000000000000850       0x50 /mnt/d/!Documents/pebble/dev_folder/pebble-dev/pebble-sdk-4.5-linux64/arm-cs-tools/bin/../lib/gcc/arm-none-eabi/4.7.2/thumb2/libgcc.a(_arm_fixdfsi.o)
                0x0000000000000850                __fixdfsi
                0x0000000000000850                __aeabi_d2iz
 .text          0x00000000000008a0      0x21c /mnt/d/!Documents/pebble/dev_folder/pebble-dev/pebble-sdk-4.5-linux64/arm-cs-tools/bin/../lib/gcc/arm-none-eabi/4.7.2/thumb2/libgcc.a(_arm_addsubsf3.o)
                0x00000000000008a0                __aeabi_frsub
                0x00000000000008a8                __subsf3
                0x00000000000008a8                __aeabi_fsub
                0x00000000000008ac                __aeabi_fadd
                0x00000000000008ac                __addsf3
                0x0000000000000a0c                __aeabi_ui2f
                0x0000000000000a0c                __floatunsisf
                0x0000000000000a14                __aeabi_i2f
                0x0000000000000a14                __floatsisf
                0x0000000000000a30                __floatundisf
                0x0000000000000a30                __aeabi_ul2f
                0x0000000000000a40                __floatdisf
                0x0000000000000a40                __aeabi_l2f
 .text          0x0000000000000abc      0x2a0 /mnt/d/!Documents/pebble/dev_folder/pebble-dev/pebble-sdk-4.5-linux64/arm-cs-tools/bin/../lib/gcc/arm-none-eabi/4.7.2/thumb2/libgcc.a(_arm_muldivsf3.o)
                0x0000000000000abc                __mulsf3
                0x0000000000000abc                __aeabi_fmul
                0x0000000000000c24                __divsf3
                0x0000000000000c24                __aeabi_fdiv
 *(.text.*)
 .text.set_column_text
                0x0000000000000d5c       0x32 src/c/sheikah_slate.c.25.o
 *fill*         0x0000000000000d8e        0x2 
 .text.init_splash_anim
                0x0000000000000d90       0x24 src/c/sheikah_slate.c.25.o
 .text.splash_timeout
                0x0000000000000db4       0x14 src/c/sheikah_slate.c.25.o
 .text.set_column_random
                0x0000000000000dc8       0x28 src/c/sheikah_slate.c.25.o
 .text.update_time
                0x0000000000000df0       0x54 src/c/sheikah_slate.c.25.o
 .text.outbox_sent_callback
                0x0000000000000e44       0x1c src/c/sheikah_slate.c.25.o
 .text.outbox_failed_callback
                0x0000000000000e60       0x1c src/c/sheikah_slate.c.25.o
 .text.inbox_dropped_callback
                0x0000000000000e7c       0x1c src/c/sheikah_slate.c.25.o
 .text.request_weather
                0x0000000000000e98       0x70 src/c/sheikah_slate.c.25.o
 .text.battery_callback
                0x0000000000000f08       0x2c src/c/sheikah_slate.c.25.o
 .text.pick_new_rune
                0x0000000000000f34       0xa0 src/c/sheikah_slate.c.25.o
 .text.update_display
                0x0000000000000fd4       0x78 src/c/sheikah_slate.c.25.o
 .text.inbox_received_callback
                0x000000000000104c      0x2c4 src/c/sheikah_slate.c.25.o
 .text.main_window_unload
                0x0000000000001310      0x184 src/c/sheikah_slate.c.25.o
 .text.battery_update_proc
                0x0000000000001494       0xd0 src/c/sheikah_slate.c.25.o
 .text.temperature_update_proc
                0x0000000000001564      0x254 src/c/sheikah_slate.c.25.o
 .text.draw_fringes
                0x00000000000017b8      0x250 src/c/sheikah_slate.c.25.o
 .text.bluetooth_callback
                0x0000000000001a08       0x84 src/c/sheikah_slate.c.25.o
 .text.main_window_load
                0x0000000000001a8c      0x5fc src/c/sheikah_slate.c.25.o
 .text.tick_handler
                0x0000000000002088       0xd4 src/c/sheikah_slate.c.25.o
 .text.move_bitmap.constprop.2
                0x000000000000215c       0x2e src/c/sheikah_slate.c.25.o
 *fill*         0x000000000000218a        0x2 
 .text.splash_anim_handler
                0x000000000000218c      0x188 src/c/sheikah_slate.c.25.o
 .text.draw_frame
                0x0000000000002314      0x2dc src/c/sheikah_slate.c.25.o
 .text.startup.main
                0x00000000000025f0      0x1b8 src/c/sheikah_slate.c.25.o
                0x00000000000025f0                main
 .text.app_event_loop
                0x00000000000027a8        0xc /home/hmallen/.pebble-sdk/SDKs/current/sdk-core/pebble/aplite/lib/libpebble.a(tmp7jpKUopebble.o)
                0x00000000000027a8                app_event_loop
 .text.app_log  0x00000000000027b4        0xc /home/hmallen/.pebble-sdk/SDKs/current/sdk-core/pebble/aplite/lib/libpebble.a(tmp7jpKUopebble.o)
                0x00000000000027b4                app_log
 .text.app_message_open
                0x00000000000027c0        0xc /home/hmallen/.pebble-sdk/SDKs/current/sdk-core/pebble/aplite/lib/libpebble.a(tmp7jpKUopebble.o)
                0x00000000000027c0                app_message_open
 .text.app_timer_register
                0x00000000000027cc        0xc /home/hmallen/.pebble-sdk/SDKs/current/sdk-core/pebble/aplite/lib/libpebble.a(tmp7jpKUopebble.o)
                0x00000000000027cc                app_timer_register
 .text.atoi     0x00000000000027d8        0xc /home/hmallen/.pebble-sdk/SDKs/current/sdk-core/pebble/aplite/lib/libpebble.a(tmp7jpKUopebble.o)
                0x00000000000027d8                atoi
 .text.battery_state_service_peek
                0x00000000000027e4        0xc /home/hmallen/.pebble-sdk/SDKs/current/sdk-core/pebble/aplite/lib/libpebble.a(tmp7jpKUopebble.o)
                0x00000000000027e4                battery_state_service_peek
 .text.battery_state_service_subscribe
                0x00000000000027f0        0xc /home/hmallen/.pebble-sdk/SDKs/current/sdk-core/pebble/aplite/lib/libpebble.a(tmp7jpKUopebble.o)
                0x00000000000027f0                battery_state_service_subscribe
 .text.bitmap_layer_create
                0x00000000000027fc        0xc /home/hmallen/.pebble-sdk/SDKs/current/sdk-core/pebble/aplite/lib/libpebble.a(tmp7jpKUopebble.o)
                0x00000000000027fc                bitmap_layer_create
 .text.bitmap_layer_destroy
                0x0000000000002808        0xc /home/hmallen/.pebble-sdk/SDKs/current/sdk-core/pebble/aplite/lib/libpebble.a(tmp7jpKUopebble.o)
                0x0000000000002808                bitmap_layer_destroy
 .text.bitmap_layer_get_layer
                0x0000000000002814        0xc /home/hmallen/.pebble-sdk/SDKs/current/sdk-core/pebble/aplite/lib/libpebble.a(tmp7jpKUopebble.o)
                0x0000000000002814                bitmap_layer_get_layer
 .text.bitmap_layer_set_bitmap
                0x0000000000002820        0xc /home/hmallen/.pebble-sdk/SDKs/current/sdk-core/pebble/aplite/lib/libpebble.a(tmp7jpKUopebble.o)
                0x0000000000002820                bitmap_layer_set_bitmap
 .text.bitmap_layer_set_compositing_mode
                0x000000000000282c        0xc /home/hmallen/.pebble-sdk/SDKs/current/sdk-core/pebble/aplite/lib/libpebble.a(tmp7jpKUopebble.o)
                0x000000000000282c                bitmap_layer_set_compositing_mode
 .text.clock_is_24h_style
                0x0000000000002838        0xc /home/hmallen/.pebble-sdk/SDKs/current/sdk-core/pebble/aplite/lib/libpebble.a(tmp7jpKUopebble.o)
                0x0000000000002838                clock_is_24h_style
 .text.dict_find
                0x0000000000002844        0xc /home/hmallen/.pebble-sdk/SDKs/current/sdk-core/pebble/aplite/lib/libpebble.a(tmp7jpKUopebble.o)
                0x0000000000002844                dict_find
 .text.dict_write_cstring
                0x0000000000002850        0xc /home/hmallen/.pebble-sdk/SDKs/current/sdk-core/pebble/aplite/lib/libpebble.a(tmp7jpKUopebble.o)
                0x0000000000002850                dict_write_cstring
 .text.dict_write_uint8
                0x000000000000285c        0xc /home/hmallen/.pebble-sdk/SDKs/current/sdk-core/pebble/aplite/lib/libpebble.a(tmp7jpKUopebble.o)
                0x000000000000285c                dict_write_uint8
 .text.fonts_load_custom_font
                0x0000000000002868        0xc /home/hmallen/.pebble-sdk/SDKs/current/sdk-core/pebble/aplite/lib/libpebble.a(tmp7jpKUopebble.o)
                0x0000000000002868                fonts_load_custom_font
 .text.fonts_unload_custom_font
                0x0000000000002874        0xc /home/hmallen/.pebble-sdk/SDKs/current/sdk-core/pebble/aplite/lib/libpebble.a(tmp7jpKUopebble.o)
                0x0000000000002874                fonts_unload_custom_font
 .text.gbitmap_create_with_resource
                0x0000000000002880        0xc /home/hmallen/.pebble-sdk/SDKs/current/sdk-core/pebble/aplite/lib/libpebble.a(tmp7jpKUopebble.o)
                0x0000000000002880                gbitmap_create_with_resource
 .text.gbitmap_destroy
                0x000000000000288c        0xc /home/hmallen/.pebble-sdk/SDKs/current/sdk-core/pebble/aplite/lib/libpebble.a(tmp7jpKUopebble.o)
                0x000000000000288c                gbitmap_destroy
 .text.graphics_draw_line
                0x0000000000002898        0xc /home/hmallen/.pebble-sdk/SDKs/current/sdk-core/pebble/aplite/lib/libpebble.a(tmp7jpKUopebble.o)
                0x0000000000002898                graphics_draw_line
 .text.graphics_draw_pixel
                0x00000000000028a4        0xc /home/hmallen/.pebble-sdk/SDKs/current/sdk-core/pebble/aplite/lib/libpebble.a(tmp7jpKUopebble.o)
                0x00000000000028a4                graphics_draw_pixel
 .text.graphics_draw_rect
                0x00000000000028b0        0xc /home/hmallen/.pebble-sdk/SDKs/current/sdk-core/pebble/aplite/lib/libpebble.a(tmp7jpKUopebble.o)
                0x00000000000028b0                graphics_draw_rect
 .text.graphics_fill_circle
                0x00000000000028bc        0xc /home/hmallen/.pebble-sdk/SDKs/current/sdk-core/pebble/aplite/lib/libpebble.a(tmp7jpKUopebble.o)
                0x00000000000028bc                graphics_fill_circle
 .text.grect_center_point
                0x00000000000028c8        0xc /home/hmallen/.pebble-sdk/SDKs/current/sdk-core/pebble/aplite/lib/libpebble.a(tmp7jpKUopebble.o)
                0x00000000000028c8                grect_center_point
 .text.grect_crop
                0x00000000000028d4        0xc /home/hmallen/.pebble-sdk/SDKs/current/sdk-core/pebble/aplite/lib/libpebble.a(tmp7jpKUopebble.o)
                0x00000000000028d4                grect_crop
 .text.layer_add_child
                0x00000000000028e0        0xc /home/hmallen/.pebble-sdk/SDKs/current/sdk-core/pebble/aplite/lib/libpebble.a(tmp7jpKUopebble.o)
                0x00000000000028e0                layer_add_child
 .text.layer_create
                0x00000000000028ec        0xc /home/hmallen/.pebble-sdk/SDKs/current/sdk-core/pebble/aplite/lib/libpebble.a(tmp7jpKUopebble.o)
                0x00000000000028ec                layer_create
 .text.layer_destroy
                0x00000000000028f8        0xc /home/hmallen/.pebble-sdk/SDKs/current/sdk-core/pebble/aplite/lib/libpebble.a(tmp7jpKUopebble.o)
                0x00000000000028f8                layer_destroy
 .text.layer_get_bounds
                0x0000000000002904        0xc /home/hmallen/.pebble-sdk/SDKs/current/sdk-core/pebble/aplite/lib/libpebble.a(tmp7jpKUopebble.o)
                0x0000000000002904                layer_get_bounds
 .text.layer_get_frame
                0x0000000000002910        0xc /home/hmallen/.pebble-sdk/SDKs/current/sdk-core/pebble/aplite/lib/libpebble.a(tmp7jpKUopebble.o)
                0x0000000000002910                layer_get_frame
 .text.layer_mark_dirty
                0x000000000000291c        0xc /home/hmallen/.pebble-sdk/SDKs/current/sdk-core/pebble/aplite/lib/libpebble.a(tmp7jpKUopebble.o)
                0x000000000000291c                layer_mark_dirty
 .text.layer_set_frame
                0x0000000000002928        0xc /home/hmallen/.pebble-sdk/SDKs/current/sdk-core/pebble/aplite/lib/libpebble.a(tmp7jpKUopebble.o)
                0x0000000000002928                layer_set_frame
 .text.layer_set_update_proc
                0x0000000000002934        0xc /home/hmallen/.pebble-sdk/SDKs/current/sdk-core/pebble/aplite/lib/libpebble.a(tmp7jpKUopebble.o)
                0x0000000000002934                layer_set_update_proc
 .text.memset   0x0000000000002940        0xc /home/hmallen/.pebble-sdk/SDKs/current/sdk-core/pebble/aplite/lib/libpebble.a(tmp7jpKUopebble.o)
                0x0000000000002940                memset
 .text.rand     0x000000000000294c        0xc /home/hmallen/.pebble-sdk/SDKs/current/sdk-core/pebble/aplite/lib/libpebble.a(tmp7jpKUopebble.o)
                0x000000000000294c                rand
 .text.resource_get_handle
                0x0000000000002958        0xc /home/hmallen/.pebble-sdk/SDKs/current/sdk-core/pebble/aplite/lib/libpebble.a(tmp7jpKUopebble.o)
                0x0000000000002958                resource_get_handle
 .text.srand    0x0000000000002964        0xc /home/hmallen/.pebble-sdk/SDKs/current/sdk-core/pebble/aplite/lib/libpebble.a(tmp7jpKUopebble.o)
                0x0000000000002964                srand
 .text.strcpy   0x0000000000002970        0xc /home/hmallen/.pebble-sdk/SDKs/current/sdk-core/pebble/aplite/lib/libpebble.a(tmp7jpKUopebble.o)
                0x0000000000002970                strcpy
 .text.strftime
                0x000000000000297c        0xc /home/hmallen/.pebble-sdk/SDKs/current/sdk-core/pebble/aplite/lib/libpebble.a(tmp7jpKUopebble.o)
                0x000000000000297c                strftime
 .text.tick_timer_service_subscribe
                0x0000000000002988        0xc /home/hmallen/.pebble-sdk/SDKs/current/sdk-core/pebble/aplite/lib/libpebble.a(tmp7jpKUopebble.o)
                0x0000000000002988                tick_timer_service_subscribe
 .text.vibes_double_pulse
                0x0000000000002994        0xc /home/hmallen/.pebble-sdk/SDKs/current/sdk-core/pebble/aplite/lib/libpebble.a(tmp7jpKUopebble.o)
                0x0000000000002994                vibes_double_pulse
 .text.window_create
                0x00000000000029a0        0xc /home/hmallen/.pebble-sdk/SDKs/current/sdk-core/pebble/aplite/lib/libpebble.a(tmp7jpKUopebble.o)
                0x00000000000029a0                window_create
 .text.window_destroy
                0x00000000000029ac        0xc /home/hmallen/.pebble-sdk/SDKs/current/sdk-core/pebble/aplite/lib/libpebble.a(tmp7jpKUopebble.o)
                0x00000000000029ac                window_destroy
 .text.window_get_root_layer
                0x00000000000029b8        0xc /home/hmallen/.pebble-sdk/SDKs/current/sdk-core/pebble/aplite/lib/libpebble.a(tmp7jpKUopebble.o)
                0x00000000000029b8                window_get_root_layer
 .text.window_set_window_handlers
                0x00000000000029c4        0xc /home/hmallen/.pebble-sdk/SDKs/current/sdk-core/pebble/aplite/lib/libpebble.a(tmp7jpKUopebble.o)
                0x00000000000029c4                window_set_window_handlers
 .text.window_stack_push
                0x00000000000029d0        0xc /home/hmallen/.pebble-sdk/SDKs/current/sdk-core/pebble/aplite/lib/libpebble.a(tmp7jpKUopebble.o)
                0x00000000000029d0                window_stack_push
 .text.app_message_outbox_begin
                0x00000000000029dc        0xc /home/hmallen/.pebble-sdk/SDKs/current/sdk-core/pebble/aplite/lib/libpebble.a(tmp7jpKUopebble.o)
                0x00000000000029dc                app_message_outbox_begin
 .text.app_message_outbox_send
                0x00000000000029e8        0xc /home/hmallen/.pebble-sdk/SDKs/current/sdk-core/pebble/aplite/lib/libpebble.a(tmp7jpKUopebble.o)
                0x00000000000029e8                app_message_outbox_send
 .text.app_message_register_inbox_dropped
                0x00000000000029f4        0xc /home/hmallen/.pebble-sdk/SDKs/current/sdk-core/pebble/aplite/lib/libpebble.a(tmp7jpKUopebble.o)
                0x00000000000029f4                app_message_register_inbox_dropped
 .text.app_message_register_inbox_received
                0x0000000000002a00        0xc /home/hmallen/.pebble-sdk/SDKs/current/sdk-core/pebble/aplite/lib/libpebble.a(tmp7jpKUopebble.o)
                0x0000000000002a00                app_message_register_inbox_received
 .text.app_message_register_outbox_failed
                0x0000000000002a0c        0xc /home/hmallen/.pebble-sdk/SDKs/current/sdk-core/pebble/aplite/lib/libpebble.a(tmp7jpKUopebble.o)
                0x0000000000002a0c                app_message_register_outbox_failed
 .text.app_message_register_outbox_sent
                0x0000000000002a18        0xc /home/hmallen/.pebble-sdk/SDKs/current/sdk-core/pebble/aplite/lib/libpebble.a(tmp7jpKUopebble.o)
                0x0000000000002a18                app_message_register_outbox_sent
 .text.persist_read_data
                0x0000000000002a24        0xc /home/hmallen/.pebble-sdk/SDKs/current/sdk-core/pebble/aplite/lib/libpebble.a(tmp7jpKUopebble.o)
                0x0000000000002a24                persist_read_data
 .text.persist_write_data
                0x0000000000002a30        0xc /home/hmallen/.pebble-sdk/SDKs/current/sdk-core/pebble/aplite/lib/libpebble.a(tmp7jpKUopebble.o)
                0x0000000000002a30                persist_write_data
 .text.heap_bytes_free
                0x0000000000002a3c        0xc /home/hmallen/.pebble-sdk/SDKs/current/sdk-core/pebble/aplite/lib/libpebble.a(tmp7jpKUopebble.o)
                0x0000000000002a3c                heap_bytes_free
 .text.graphics_context_set_fill_color
                0x0000000000002a48        0xc /home/hmallen/.pebble-sdk/SDKs/current/sdk-core/pebble/aplite/lib/libpebble.a(tmp7jpKUopebble.o)
                0x0000000000002a48                graphics_context_set_fill_color
 .text.graphics_context_set_stroke_color
                0x0000000000002a54        0xc /home/hmallen/.pebble-sdk/SDKs/current/sdk-core/pebble/aplite/lib/libpebble.a(tmp7jpKUopebble.o)
                0x0000000000002a54                graphics_context_set_stroke_color
 .text.window_set_background_color
                0x0000000000002a60        0xc /home/hmallen/.pebble-sdk/SDKs/current/sdk-core/pebble/aplite/lib/libpebble.a(tmp7jpKUopebble.o)
                0x0000000000002a60                window_set_background_color
 .text.localtime
                0x0000000000002a6c        0xc /home/hmallen/.pebble-sdk/SDKs/current/sdk-core/pebble/aplite/lib/libpebble.a(tmp7jpKUopebble.o)
                0x0000000000002a6c                localtime
 .text.graphics_context_set_stroke_width
                0x0000000000002a78        0xc /home/hmallen/.pebble-sdk/SDKs/current/sdk-core/pebble/aplite/lib/libpebble.a(tmp7jpKUopebble.o)
                0x0000000000002a78                graphics_context_set_stroke_width
 .text.text_layer_create
                0x0000000000002a84        0xc /home/hmallen/.pebble-sdk/SDKs/current/sdk-core/pebble/aplite/lib/libpebble.a(tmp7jpKUopebble.o)
                0x0000000000002a84                text_layer_create
 .text.text_layer_destroy
                0x0000000000002a90        0xc /home/hmallen/.pebble-sdk/SDKs/current/sdk-core/pebble/aplite/lib/libpebble.a(tmp7jpKUopebble.o)
                0x0000000000002a90                text_layer_destroy
 .text.text_layer_get_layer
                0x0000000000002a9c        0xc /home/hmallen/.pebble-sdk/SDKs/current/sdk-core/pebble/aplite/lib/libpebble.a(tmp7jpKUopebble.o)
                0x0000000000002a9c                text_layer_get_layer
 .text.text_layer_set_background_color
                0x0000000000002aa8        0xc /home/hmallen/.pebble-sdk/SDKs/current/sdk-core/pebble/aplite/lib/libpebble.a(tmp7jpKUopebble.o)
                0x0000000000002aa8                text_layer_set_background_color
 .text.text_layer_set_font
                0x0000000000002ab4        0xc /home/hmallen/.pebble-sdk/SDKs/current/sdk-core/pebble/aplite/lib/libpebble.a(tmp7jpKUopebble.o)
                0x0000000000002ab4                text_layer_set_font
 .text.text_layer_set_overflow_mode
                0x0000000000002ac0        0xc /home/hmallen/.pebble-sdk/SDKs/current/sdk-core/pebble/aplite/lib/libpebble.a(tmp7jpKUopebble.o)
                0x0000000000002ac0                text_layer_set_overflow_mode
 .text.text_layer_set_text
                0x0000000000002acc        0xc /home/hmallen/.pebble-sdk/SDKs/current/sdk-core/pebble/aplite/lib/libpebble.a(tmp7jpKUopebble.o)
                0x0000000000002acc                text_layer_set_text
 .text.text_layer_set_text_alignment
                0x0000000000002ad8        0xc /home/hmallen/.pebble-sdk/SDKs/current/sdk-core/pebble/aplite/lib/libpebble.a(tmp7jpKUopebble.o)
                0x0000000000002ad8                text_layer_set_text_alignment
 .text.text_layer_set_text_color
                0x0000000000002ae4        0xc /home/hmallen/.pebble-sdk/SDKs/current/sdk-core/pebble/aplite/lib/libpebble.a(tmp7jpKUopebble.o)
                0x0000000000002ae4                text_layer_set_text_color
 .text.time     0x0000000000002af0        0xc /home/hmallen/.pebble-sdk/SDKs/current/sdk-core/pebble/aplite/lib/libpebble.a(tmp7jpKUopebble.o)
                0x0000000000002af0                time
 .text.connection_service_peek_pebble_app_connection
                0x0000000000002afc        0xc /home/hmallen/.pebble-sdk/SDKs/current/sdk-core/pebble/aplite/lib/libpebble.a(tmp7jpKUopebble.o)
                0x0000000000002afc                connection_service_peek_pebble_app_connection
 .text.connection_service_subscribe
                0x0000000000002b08        0xc /home/hmallen/.pebble-sdk/SDKs/current/sdk-core/pebble/aplite/lib/libpebble.a(tmp7jpKUopebble.o)
                0x0000000000002b08                connection_service_subscribe
 .text.gpoint_from_polar
                0x0000000000002b14        0xc /home/hmallen/.pebble-sdk/SDKs/current/sdk-core/pebble/aplite/lib/libpebble.a(tmp7jpKUopebble.o)
                0x0000000000002b14                gpoint_from_polar
 .text.graphics_fill_radial
                0x0000000000002b20        0xc /home/hmallen/.pebble-sdk/SDKs/current/sdk-core/pebble/aplite/lib/libpebble.a(tmp7jpKUopebble.o)
                0x0000000000002b20                graphics_fill_radial
 *(.rodata)
 .rodata        0x0000000000002b2c       0x60 src/c/sheikah_slate.c.25.o
 *(.rodata*)
 .rodata.bottom_right
                0x0000000000002b8c        0x9 src/c/sheikah_slate.c.25.o
 .rodata.top_left
                0x0000000000002b95        0x9 src/c/sheikah_slate.c.25.o
 *fill*         0x0000000000002b9e        0x2 
 .rodata.RUNES  0x0000000000002ba0       0x1c src/c/sheikah_slate.c.25.o
 .rodata.WEATHER_ICONS
                0x0000000000002bbc       0x18 src/c/sheikah_slate.c.25.o
 .rodata.TEMP_ANGLE_NOTCHES
                0x0000000000002bd4       0x14 src/c/sheikah_slate.c.25.o
 .rodata.top_right
                0x0000000000002be8        0x9 src/c/sheikah_slate.c.25.o
 .rodata.bottom_left
                0x0000000000002bf1        0x9 src/c/sheikah_slate.c.25.o
 .rodata.str1.1
                0x0000000000002bfa       0xaa src/c/sheikah_slate.c.25.o

.glue_7         0x0000000000002ca4        0x0
 .glue_7        0x0000000000000000        0x0 linker stubs

.glue_7t        0x0000000000002ca4        0x0
 .glue_7t       0x0000000000000000        0x0 linker stubs

.vfp11_veneer   0x0000000000002ca4        0x0
 .vfp11_veneer  0x0000000000000000        0x0 linker stubs

.v4_bx          0x0000000000002ca4        0x0
 .v4_bx         0x0000000000000000        0x0 linker stubs

.iplt           0x0000000000002ca4        0x0
 .iplt          0x0000000000000000        0x0 /mnt/d/!Documents/pebble/dev_folder/pebble-dev/pebble-sdk-4.5-linux64/arm-cs-tools/bin/../lib/gcc/arm-none-eabi/4.7.2/thumb2/crtbegin.o

.rel.dyn        0x0000000000002ca4        0x0
 .rel.iplt      0x0000000000000000        0x0 /mnt/d/!Documents/pebble/dev_folder/pebble-dev/pebble-sdk-4.5-linux64/arm-cs-tools/bin/../lib/gcc/arm-none-eabi/4.7.2/thumb2/crtbegin.o
 .rel.got       0x0000000000000000        0x0 /mnt/d/!Documents/pebble/dev_folder/pebble-dev/pebble-sdk-4.5-linux64/arm-cs-tools/bin/../lib/gcc/arm-none-eabi/4.7.2/thumb2/crtbegin.o

.data           0x0000000000002ca4       0x58
 *(.data)
 .data          0x0000000000002ca4        0x0 /mnt/d/!Documents/pebble/dev_folder/pebble-dev/pebble-sdk-4.5-linux64/arm-cs-tools/bin/../lib/gcc/arm-none-eabi/4.7.2/thumb2/crti.o
 .data          0x0000000000002ca4        0x4 /mnt/d/!Documents/pebble/dev_folder/pebble-dev/pebble-sdk-4.5-linux64/arm-cs-tools/bin/../lib/gcc/arm-none-eabi/4.7.2/thumb2/crtbegin.o
                0x0000000000002ca4                __dso_handle
 .data          0x0000000000002ca8        0x0 src/c/sheikah_slate.c.25.o
 .data          0x0000000000002ca8        0x0 aplite/appinfo.auto.c.25.o
 .data          0x0000000000002ca8        0x0 aplite/src/resource_ids.auto.c.25.o
 .data          0x0000000000002ca8        0x0 src/message_keys.auto.c.25.o
 .data          0x0000000000002ca8        0x0 /home/hmallen/.pebble-sdk/SDKs/current/sdk-core/pebble/aplite/lib/libpebble.a(tmp7jpKUopebble.o)
 .data          0x0000000000002ca8        0x0 /mnt/d/!Documents/pebble/dev_folder/pebble-dev/pebble-sdk-4.5-linux64/arm-cs-tools/bin/../lib/gcc/arm-none-eabi/4.7.2/thumb2/libgcc.a(_arm_addsubdf3.o)
 .data          0x0000000000002ca8        0x0 /mnt/d/!Documents/pebble/dev_folder/pebble-dev/pebble-sdk-4.5-linux64/arm-cs-tools/bin/../lib/gcc/arm-none-eabi/4.7.2/thumb2/libgcc.a(_arm_muldivdf3.o)
 .data          0x0000000000002ca8        0x0 /mnt/d/!Documents/pebble/dev_folder/pebble-dev/pebble-sdk-4.5-linux64/arm-cs-tools/bin/../lib/gcc/arm-none-eabi/4.7.2/thumb2/libgcc.a(_arm_fixdfsi.o)
 .data          0x0000000000002ca8        0x0 /mnt/d/!Documents/pebble/dev_folder/pebble-dev/pebble-sdk-4.5-linux64/arm-cs-tools/bin/../lib/gcc/arm-none-eabi/4.7.2/thumb2/libgcc.a(_arm_addsubsf3.o)
 .data          0x0000000000002ca8        0x0 /mnt/d/!Documents/pebble/dev_folder/pebble-dev/pebble-sdk-4.5-linux64/arm-cs-tools/bin/../lib/gcc/arm-none-eabi/4.7.2/thumb2/libgcc.a(_arm_muldivsf3.o)
 .data          0x0000000000002ca8        0x0 /mnt/d/!Documents/pebble/dev_folder/pebble-dev/pebble-sdk-4.5-linux64/arm-cs-tools/bin/../lib/gcc/arm-none-eabi/4.7.2/thumb2/crtend.o
 .data          0x0000000000002ca8        0x0 /mnt/d/!Documents/pebble/dev_folder/pebble-dev/pebble-sdk-4.5-linux64/arm-cs-tools/bin/../lib/gcc/arm-none-eabi/4.7.2/thumb2/crtn.o
 *(.data.*)
 .data.TEMP_NOTCHES
                0x0000000000002ca8       0x14 src/c/sheikah_slate.c.25.o
 .data.MESSAGE_KEY_WeatherCheckRate
                0x0000000000002cbc        0x4 src/message_keys.auto.c.25.o
                0x0000000000002cbc                MESSAGE_KEY_WeatherCheckRate
 .data.MESSAGE_KEY_RightColumnText
                0x0000000000002cc0        0x4 src/message_keys.auto.c.25.o
                0x0000000000002cc0                MESSAGE_KEY_RightColumnText
 .data.MESSAGE_KEY_Latitude
                0x0000000000002cc4        0x4 src/message_keys.auto.c.25.o
                0x0000000000002cc4                MESSAGE_KEY_Latitude
 .data.MESSAGE_KEY_UseCurrentLocation
                0x0000000000002cc8        0x4 src/message_keys.auto.c.25.o
                0x0000000000002cc8                MESSAGE_KEY_UseCurrentLocation
 .data.MESSAGE_KEY_TemperatureMetric
                0x0000000000002ccc        0x4 src/message_keys.auto.c.25.o
                0x0000000000002ccc                MESSAGE_KEY_TemperatureMetric
 .data.MESSAGE_KEY_RunesToChoose
                0x0000000000002cd0        0x4 src/message_keys.auto.c.25.o
                0x0000000000002cd0                MESSAGE_KEY_RunesToChoose
 .data.MESSAGE_KEY_RuneChangeRate
                0x0000000000002cd4        0x4 src/message_keys.auto.c.25.o
                0x0000000000002cd4                MESSAGE_KEY_RuneChangeRate
 .data.MESSAGE_KEY_LeftColumnText
                0x0000000000002cd8        0x4 src/message_keys.auto.c.25.o
                0x0000000000002cd8                MESSAGE_KEY_LeftColumnText
 .data.MESSAGE_KEY_TEMPERATURE
                0x0000000000002cdc        0x4 src/message_keys.auto.c.25.o
                0x0000000000002cdc                MESSAGE_KEY_TEMPERATURE
 .data.MESSAGE_KEY_Longitude
                0x0000000000002ce0        0x4 src/message_keys.auto.c.25.o
                0x0000000000002ce0                MESSAGE_KEY_Longitude
 .data.MESSAGE_KEY_Temperature0
                0x0000000000002ce4        0x4 src/message_keys.auto.c.25.o
                0x0000000000002ce4                MESSAGE_KEY_Temperature0
 .data.MESSAGE_KEY_Temperature1
                0x0000000000002ce8        0x4 src/message_keys.auto.c.25.o
                0x0000000000002ce8                MESSAGE_KEY_Temperature1
 .data.MESSAGE_KEY_Temperature2
                0x0000000000002cec        0x4 src/message_keys.auto.c.25.o
                0x0000000000002cec                MESSAGE_KEY_Temperature2
 .data.MESSAGE_KEY_Temperature3
                0x0000000000002cf0        0x4 src/message_keys.auto.c.25.o
                0x0000000000002cf0                MESSAGE_KEY_Temperature3
 .data.MESSAGE_KEY_Temperature4
                0x0000000000002cf4        0x4 src/message_keys.auto.c.25.o
                0x0000000000002cf4                MESSAGE_KEY_Temperature4
 .data.MESSAGE_KEY_CONDITIONS
                0x0000000000002cf8        0x4 src/message_keys.auto.c.25.o
                0x0000000000002cf8                MESSAGE_KEY_CONDITIONS

.igot.plt       0x0000000000002cfc        0x0
 .igot.plt      0x0000000000000000        0x0 /mnt/d/!Documents/pebble/dev_folder/pebble-dev/pebble-sdk-4.5-linux64/arm-cs-tools/bin/../lib/gcc/arm-none-eabi/4.7.2/thumb2/crtbegin.o

.got            0x0000000000002cfc       0x40
 .got           0x0000000000002cfc       0x40 /mnt/d/!Documents/pebble/dev_folder/pebble-dev/pebble-sdk-4.5-linux64/arm-cs-tools/bin/../lib/gcc/arm-none-eabi/4.7.2/thumb2/crtbegin.o

.got.plt        0x0000000000002d3c        0xc
 .got.plt       0x0000000000002d3c        0xc /mnt/d/!Documents/pebble/dev_folder/pebble-dev/pebble-sdk-4.5-linux64/arm-cs-tools/bin/../lib/gcc/arm-none-eabi/4.7.2/thumb2/crtbegin.o
                0x0000000000002d3c                _GLOBAL_OFFSET_TABLE_

.bss            0x0000000000002d48      0x12c
 *(.bss)
 *(.bss.*)
 .bss.s_rune_minutes_elapsed
                0x0000000000002d48        0x1 src/c/sheikah_slate.c.25.o
 .bss.i.7799    0x0000000000002d49        0x1 src/c/sheikah_slate.c.25.o
 *fill*         0x0000000000002d4a        0x2 
 .bss.s_splash_left_eye_bitmap
                0x0000000000002d4c        0x4 src/c/sheikah_slate.c.25.o
 .bss.i.7812    0x0000000000002d50        0x1 src/c/sheikah_slate.c.25.o
 *fill*         0x0000000000002d51        0x3 
 .bss.s_bt_icon_bitmap_disc
                0x0000000000002d54        0x4 src/c/sheikah_slate.c.25.o
 .bss.s_rune_layer
                0x0000000000002d58        0x4 src/c/sheikah_slate.c.25.o
 .bss.s_splash_left_bitmap
                0x0000000000002d5c        0x4 src/c/sheikah_slate.c.25.o
 .bss.s_sheikah_font
                0x0000000000002d60        0x4 src/c/sheikah_slate.c.25.o
 .bss.s_date_layer
                0x0000000000002d64        0x4 src/c/sheikah_slate.c.25.o
 .bss.s_weather_loaded
                0x0000000000002d68        0x1 src/c/sheikah_slate.c.25.o
 .bss.s_weather_minutes_elapsed
                0x0000000000002d69        0x1 src/c/sheikah_slate.c.25.o
 *fill*         0x0000000000002d6a        0x2 
 .bss.settings  0x0000000000002d6c       0x8c src/c/sheikah_slate.c.25.o
 .bss.s_battery_level
                0x0000000000002df8        0x1 src/c/sheikah_slate.c.25.o
 *fill*         0x0000000000002df9        0x3 
 .bss.s_fringes_layer
                0x0000000000002dfc        0x4 src/c/sheikah_slate.c.25.o
 .bss.s_splash_right_layer
                0x0000000000002e00        0x4 src/c/sheikah_slate.c.25.o
 .bss.s_time_layer
                0x0000000000002e04        0x4 src/c/sheikah_slate.c.25.o
 .bss.s_bt_icon_bitmap_conn
                0x0000000000002e08        0x4 src/c/sheikah_slate.c.25.o
 .bss.s_main_window
                0x0000000000002e0c        0x4 src/c/sheikah_slate.c.25.o
 .bss.s_left_column_layer
                0x0000000000002e10        0x4 src/c/sheikah_slate.c.25.o
 .bss.s_time_font
                0x0000000000002e14        0x4 src/c/sheikah_slate.c.25.o
 .bss.s_buffer.7856
                0x0000000000002e18        0x8 src/c/sheikah_slate.c.25.o
 .bss.s_splash_left_eye_layer
                0x0000000000002e20        0x4 src/c/sheikah_slate.c.25.o
 .bss.s_battery_layer
                0x0000000000002e24        0x4 src/c/sheikah_slate.c.25.o
 .bss.s_weather_icon_bitmap
                0x0000000000002e28        0x4 src/c/sheikah_slate.c.25.o
 .bss.s_rune_bitmap
                0x0000000000002e2c        0x4 src/c/sheikah_slate.c.25.o
 .bss.s_frame_layer
                0x0000000000002e30        0x4 src/c/sheikah_slate.c.25.o
 .bss.s_cur_frame
                0x0000000000002e34        0x4 src/c/sheikah_slate.c.25.o
 .bss.s_charging
                0x0000000000002e38        0x1 src/c/sheikah_slate.c.25.o
 *fill*         0x0000000000002e39        0x3 
 .bss.s_splash_right_eye_bitmap
                0x0000000000002e3c        0x4 src/c/sheikah_slate.c.25.o
 .bss.i.7560    0x0000000000002e40        0x1 src/c/sheikah_slate.c.25.o
 .bss.s_date_buffer.7861
                0x0000000000002e41        0x8 src/c/sheikah_slate.c.25.o
 *fill*         0x0000000000002e49        0x3 
 .bss.s_bt_icon_layer
                0x0000000000002e4c        0x4 src/c/sheikah_slate.c.25.o
 .bss.s_splash_left_layer
                0x0000000000002e50        0x4 src/c/sheikah_slate.c.25.o
 .bss.s_temperature_layer
                0x0000000000002e54        0x4 src/c/sheikah_slate.c.25.o
 .bss.s_splash_right_bitmap
                0x0000000000002e58        0x4 src/c/sheikah_slate.c.25.o
 .bss.s_right_column_layer
                0x0000000000002e5c        0x4 src/c/sheikah_slate.c.25.o
 .bss.s_date_font
                0x0000000000002e60        0x4 src/c/sheikah_slate.c.25.o
 .bss.s_splash_anim_started
                0x0000000000002e64        0x1 src/c/sheikah_slate.c.25.o
 *fill*         0x0000000000002e65        0x3 
 .bss.s_splash_right_eye_layer
                0x0000000000002e68        0x4 src/c/sheikah_slate.c.25.o
 .bss.s_date_set
                0x0000000000002e6c        0x1 src/c/sheikah_slate.c.25.o
 *fill*         0x0000000000002e6d        0x3 
 .bss.s_weather_icon_layer
                0x0000000000002e70        0x4 src/c/sheikah_slate.c.25.o

DISCARD
 libc.a(*)
 libm.a(*)
 libgcc.a(*)
 *(.eh_frame)
OUTPUT(/mnt/d/Pebble/dev_folder/sheikah_slate/build/aplite/pebble-app.elf elf32-littlearm)

.ARM.attributes
                0x0000000000000000       0x27
 .ARM.attributes
                0x0000000000000000       0x19 /mnt/d/!Documents/pebble/dev_folder/pebble-dev/pebble-sdk-4.5-linux64/arm-cs-tools/bin/../lib/gcc/arm-none-eabi/4.7.2/thumb2/crti.o
 .ARM.attributes
                0x0000000000000019       0x29 /mnt/d/!Documents/pebble/dev_folder/pebble-dev/pebble-sdk-4.5-linux64/arm-cs-tools/bin/../lib/gcc/arm-none-eabi/4.7.2/thumb2/crtbegin.o
 .ARM.attributes
                0x0000000000000042       0x33 src/c/sheikah_slate.c.25.o
 .ARM.attributes
                0x0000000000000075       0x33 aplite/appinfo.auto.c.25.o
 .ARM.attributes
                0x00000000000000a8       0x33 aplite/src/resource_ids.auto.c.25.o
 .ARM.attributes
                0x00000000000000db       0x33 src/message_keys.auto.c.25.o
 .ARM.attributes
                0x000000000000010e       0x21 /home/hmallen/.pebble-sdk/SDKs/current/sdk-core/pebble/aplite/lib/libpebble.a(tmp7jpKUopebble.o)
 .ARM.attributes
                0x000000000000012f       0x19 /mnt/d/!Documents/pebble/dev_folder/pebble-dev/pebble-sdk-4.5-linux64/arm-cs-tools/bin/../lib/gcc/arm-none-eabi/4.7.2/thumb2/libgcc.a(_arm_addsubdf3.o)
 .ARM.attributes
                0x0000000000000148       0x19 /mnt/d/!Documents/pebble/dev_folder/pebble-dev/pebble-sdk-4.5-linux64/arm-cs-tools/bin/../lib/gcc/arm-none-eabi/4.7.2/thumb2/libgcc.a(_arm_muldivdf3.o)
 .ARM.attributes
                0x0000000000000161       0x19 /mnt/d/!Documents/pebble/dev_folder/pebble-dev/pebble-sdk-4.5-linux64/arm-cs-tools/bin/../lib/gcc/arm-none-eabi/4.7.2/thumb2/libgcc.a(_arm_fixdfsi.o)
 .ARM.attributes
                0x000000000000017a       0x19 /mnt/d/!Documents/pebble/dev_folder/pebble-dev/pebble-sdk-4.5-linux64/arm-cs-tools/bin/../lib/gcc/arm-none-eabi/4.7.2/thumb2/libgcc.a(_arm_addsubsf3.o)
 .ARM.attributes
                0x0000000000000193       0x19 /mnt/d/!Documents/pebble/dev_folder/pebble-dev/pebble-sdk-4.5-linux64/arm-cs-tools/bin/../lib/gcc/arm-none-eabi/4.7.2/thumb2/libgcc.a(_arm_muldivsf3.o)
 .ARM.attributes
                0x00000000000001ac       0x29 /mnt/d/!Documents/pebble/dev_folder/pebble-dev/pebble-sdk-4.5-linux64/arm-cs-tools/bin/../lib/gcc/arm-none-eabi/4.7.2/thumb2/crtend.o
 .ARM.attributes
                0x00000000000001d5       0x19 /mnt/d/!Documents/pebble/dev_folder/pebble-dev/pebble-sdk-4.5-linux64/arm-cs-tools/bin/../lib/gcc/arm-none-eabi/4.7.2/thumb2/crtn.o

.comment        0x0000000000000000       0x4e
 .comment       0x0000000000000000       0x4e /mnt/d/!Documents/pebble/dev_folder/pebble-dev/pebble-sdk-4.5-linux64/arm-cs-tools/bin/../lib/gcc/arm-none-eabi/4.7.2/thumb2/crtbegin.o
                                         0x4f (size before relaxing)
 .comment       0x0000000000000000       0x4f src/c/sheikah_slate.c.25.o
 .comment       0x0000000000000000       0x4f aplite/appinfo.auto.c.25.o
 .comment       0x0000000000000000       0x4f aplite/src/resource_ids.auto.c.25.o
 .comment       0x0000000000000000       0x4f src/message_keys.auto.c.25.o
 .comment       0x0000000000000000       0x4f /mnt/d/!Documents/pebble/dev_folder/pebble-dev/pebble-sdk-4.5-linux64/arm-cs-tools/bin/../lib/gcc/arm-none-eabi/4.7.2/thumb2/crtend.o

.debug_info     0x0000000000000000     0x4216
 .debug_info    0x0000000000000000     0x37df src/c/sheikah_slate.c.25.o
 .debug_info    0x00000000000037df      0x31a aplite/appinfo.auto.c.25.o
 .debug_info    0x0000000000003af9      0x1fb aplite/src/resource_ids.auto.c.25.o
 .debug_info    0x0000000000003cf4      0x18f src/message_keys.auto.c.25.o
 .debug_info    0x0000000000003e83       0xb7 /mnt/d/!Documents/pebble/dev_folder/pebble-dev/pebble-sdk-4.5-linux64/arm-cs-tools/bin/../lib/gcc/arm-none-eabi/4.7.2/thumb2/libgcc.a(_arm_addsubdf3.o)
 .debug_info    0x0000000000003f3a       0xb7 /mnt/d/!Documents/pebble/dev_folder/pebble-dev/pebble-sdk-4.5-linux64/arm-cs-tools/bin/../lib/gcc/arm-none-eabi/4.7.2/thumb2/libgcc.a(_arm_muldivdf3.o)
 .debug_info    0x0000000000003ff1       0xb7 /mnt/d/!Documents/pebble/dev_folder/pebble-dev/pebble-sdk-4.5-linux64/arm-cs-tools/bin/../lib/gcc/arm-none-eabi/4.7.2/thumb2/libgcc.a(_arm_fixdfsi.o)
 .debug_info    0x00000000000040a8       0xb7 /mnt/d/!Documents/pebble/dev_folder/pebble-dev/pebble-sdk-4.5-linux64/arm-cs-tools/bin/../lib/gcc/arm-none-eabi/4.7.2/thumb2/libgcc.a(_arm_addsubsf3.o)
 .debug_info    0x000000000000415f       0xb7 /mnt/d/!Documents/pebble/dev_folder/pebble-dev/pebble-sdk-4.5-linux64/arm-cs-tools/bin/../lib/gcc/arm-none-eabi/4.7.2/thumb2/libgcc.a(_arm_muldivsf3.o)

.debug_abbrev   0x0000000000000000      0x716
 .debug_abbrev  0x0000000000000000      0x58c src/c/sheikah_slate.c.25.o
 .debug_abbrev  0x000000000000058c       0x9e aplite/appinfo.auto.c.25.o
 .debug_abbrev  0x000000000000062a       0x44 aplite/src/resource_ids.auto.c.25.o
 .debug_abbrev  0x000000000000066e       0x44 src/message_keys.auto.c.25.o
 .debug_abbrev  0x00000000000006b2       0x14 /mnt/d/!Documents/pebble/dev_folder/pebble-dev/pebble-sdk-4.5-linux64/arm-cs-tools/bin/../lib/gcc/arm-none-eabi/4.7.2/thumb2/libgcc.a(_arm_addsubdf3.o)
 .debug_abbrev  0x00000000000006c6       0x14 /mnt/d/!Documents/pebble/dev_folder/pebble-dev/pebble-sdk-4.5-linux64/arm-cs-tools/bin/../lib/gcc/arm-none-eabi/4.7.2/thumb2/libgcc.a(_arm_muldivdf3.o)
 .debug_abbrev  0x00000000000006da       0x14 /mnt/d/!Documents/pebble/dev_folder/pebble-dev/pebble-sdk-4.5-linux64/arm-cs-tools/bin/../lib/gcc/arm-none-eabi/4.7.2/thumb2/libgcc.a(_arm_fixdfsi.o)
 .debug_abbrev  0x00000000000006ee       0x14 /mnt/d/!Documents/pebble/dev_folder/pebble-dev/pebble-sdk-4.5-linux64/arm-cs-tools/bin/../lib/gcc/arm-none-eabi/4.7.2/thumb2/libgcc.a(_arm_addsubsf3.o)
 .debug_abbrev  0x0000000000000702       0x14 /mnt/d/!Documents/pebble/dev_folder/pebble-dev/pebble-sdk-4.5-linux64/arm-cs-tools/bin/../lib/gcc/arm-none-eabi/4.7.2/thumb2/libgcc.a(_arm_muldivsf3.o)

.debug_loc      0x0000000000000000      0xfb6
 .debug_loc     0x0000000000000000      0xfb6 src/c/sheikah_slate.c.25.o

.debug_aranges  0x0000000000000000      0x1c0
 .debug_aranges
                0x0000000000000000       0xd8 src/c/sheikah_slate.c.25.o
 .debug_aranges
                0x00000000000000d8       0x18 aplite/appinfo.auto.c.25.o
 .debug_aranges
                0x00000000000000f0       0x18 aplite/src/resource_ids.auto.c.25.o
 .debug_aranges
                0x0000000000000108       0x18 src/message_keys.auto.c.25.o
 .debug_aranges
                0x0000000000000120       0x20 /mnt/d/!Documents/pebble/dev_folder/pebble-dev/pebble-sdk-4.5-linux64/arm-cs-tools/bin/../lib/gcc/arm-none-eabi/4.7.2/thumb2/libgcc.a(_arm_addsubdf3.o)
 .debug_aranges
                0x0000000000000140       0x20 /mnt/d/!Documents/pebble/dev_folder/pebble-dev/pebble-sdk-4.5-linux64/arm-cs-tools/bin/../lib/gcc/arm-none-eabi/4.7.2/thumb2/libgcc.a(_arm_muldivdf3.o)
 .debug_aranges
                0x0000000000000160       0x20 /mnt/d/!Documents/pebble/dev_folder/pebble-dev/pebble-sdk-4.5-linux64/arm-cs-tools/bin/../lib/gcc/arm-none-eabi/4.7.2/thumb2/libgcc.a(_arm_fixdfsi.o)
 .debug_aranges
                0x0000000000000180       0x20 /mnt/d/!Documents/pebble/dev_folder/pebble-dev/pebble-sdk-4.5-linux64/arm-cs-tools/bin/../lib/gcc/arm-none-eabi/4.7.2/thumb2/libgcc.a(_arm_addsubsf3.o)
 .debug_aranges
                0x00000000000001a0       0x20 /mnt/d/!Documents/pebble/dev_folder/pebble-dev/pebble-sdk-4.5-linux64/arm-cs-tools/bin/../lib/gcc/arm-none-eabi/4.7.2/thumb2/libgcc.a(_arm_muldivsf3.o)

.debug_ranges   0x0000000000000000      0x320
 .debug_ranges  0x0000000000000000      0x320 src/c/sheikah_slate.c.25.o

.debug_line     0x0000000000000000     0x133a
 .debug_line    0x0000000000000000      0x91b src/c/sheikah_slate.c.25.o
 .debug_line    0x000000000000091b      0x139 aplite/appinfo.auto.c.25.o
 .debug_line    0x0000000000000a54       0xe3 aplite/src/resource_ids.auto.c.25.o
 .debug_line    0x0000000000000b37       0xdc src/message_keys.auto.c.25.o
 .debug_line    0x0000000000000c13      0x20a /mnt/d/!Documents/pebble/dev_folder/pebble-dev/pebble-sdk-4.5-linux64/arm-cs-tools/bin/../lib/gcc/arm-none-eabi/4.7.2/thumb2/libgcc.a(_arm_addsubdf3.o)
 .debug_line    0x0000000000000e1d      0x226 /mnt/d/!Documents/pebble/dev_folder/pebble-dev/pebble-sdk-4.5-linux64/arm-cs-tools/bin/../lib/gcc/arm-none-eabi/4.7.2/thumb2/libgcc.a(_arm_muldivdf3.o)
 .debug_line    0x0000000000001043       0x86 /mnt/d/!Documents/pebble/dev_folder/pebble-dev/pebble-sdk-4.5-linux64/arm-cs-tools/bin/../lib/gcc/arm-none-eabi/4.7.2/thumb2/libgcc.a(_arm_fixdfsi.o)
 .debug_line    0x00000000000010c9      0x128 /mnt/d/!Documents/pebble/dev_folder/pebble-dev/pebble-sdk-4.5-linux64/arm-cs-tools/bin/../lib/gcc/arm-none-eabi/4.7.2/thumb2/libgcc.a(_arm_addsubsf3.o)
 .debug_line    0x00000000000011f1      0x149 /mnt/d/!Documents/pebble/dev_folder/pebble-dev/pebble-sdk-4.5-linux64/arm-cs-tools/bin/../lib/gcc/arm-none-eabi/4.7.2/thumb2/libgcc.a(_arm_muldivsf3.o)

.debug_str      0x0000000000000000     0x1b4d
 .debug_str     0x0000000000000000     0x1630 src/c/sheikah_slate.c.25.o
                                       0x1864 (size before relaxing)
 .debug_str     0x0000000000001630      0x236 aplite/appinfo.auto.c.25.o
                                        0x31b (size before relaxing)
 .debug_str     0x0000000000001866      0x2cf aplite/src/resource_ids.auto.c.25.o
                                        0x395 (size before relaxing)
 .debug_str     0x0000000000001b35       0x18 src/message_keys.auto.c.25.o
                                        0x27b (size before relaxing)

.debug_frame    0x0000000000000000      0x2c0
 .debug_frame   0x0000000000000000      0x2c0 src/c/sheikah_slate.c.25.o
